
> lending-app@1.0.0 build
> tsc -b && vite build

src/pages/add/NewLoanPage.tsx(47,8): error TS2304: Cannot find name 'Header'.
src/pages/add/NewLoanPage.tsx(49,28): error TS2304: Cannot find name 'setIsNavOpen'.
src/pages/add/NewLoanPage.tsx(49,42): error TS7006: Parameter 'prev' implicitly has an 'any' type.
src/pages/add/NewLoanPage.tsx(51,8): error TS2304: Cannot find name 'Navbar'.
src/pages/add/NewLoanPage.tsx(51,23): error TS2304: Cannot find name 'isNavOpen'.
src/pages/add/NewLoanPage.tsx(51,49): error TS2304: Cannot find name 'setIsNavOpen'.
src/pages/borrowers/AddBorrowerPage/AddBorrowerPage.tsx(27,8): error TS2552: Cannot find name 'Header'. Did you mean 'Headers'?
src/pages/borrowers/AddBorrowerPage/AddBorrowerPage.tsx(29,28): error TS2304: Cannot find name 'setIsNavOpen'.
src/pages/borrowers/AddBorrowerPage/AddBorrowerPage.tsx(31,8): error TS2304: Cannot find name 'Navbar'.
src/pages/borrowers/AddBorrowerPage/AddBorrowerPage.tsx(31,23): error TS2304: Cannot find name 'isNavOpen'.
src/pages/borrowers/AddBorrowerPage/AddBorrowerPage.tsx(31,49): error TS2304: Cannot find name 'setIsNavOpen'.
src/pages/funds/FundManagementPage.tsx(139,8): error TS2304: Cannot find name 'Header'.
src/pages/funds/FundManagementPage.tsx(141,28): error TS2304: Cannot find name 'setIsNavOpen'.
src/pages/funds/FundManagementPage.tsx(141,42): error TS7006: Parameter 'prev' implicitly has an 'any' type.
src/pages/funds/FundManagementPage.tsx(143,8): error TS2304: Cannot find name 'Navbar'.
src/pages/funds/FundManagementPage.tsx(143,23): error TS2304: Cannot find name 'isNavOpen'.
src/pages/funds/FundManagementPage.tsx(143,49): error TS2304: Cannot find name 'setIsNavOpen'.
src/pages/funds/FundManagementPage.tsx(146,25): error TS2304: Cannot find name 'styles'.
src/pages/funds/FundManagementPage.tsx(161,25): error TS2304: Cannot find name 'styles'.
src/pages/funds/FundManagementPage.tsx(162,27): error TS2304: Cannot find name 'styles'.
src/pages/funds/FundManagementPage.tsx(173,25): error TS2304: Cannot find name 'styles'.
src/pages/funds/FundManagementPage.tsx(174,27): error TS2304: Cannot find name 'styles'.
src/pages/funds/FundManagementPage.tsx(175,28): error TS2304: Cannot find name 'styles'.
src/pages/funds/FundManagementPage.tsx(182,29): error TS2304: Cannot find name 'styles'.
src/pages/funds/FundManagementPage.tsx(184,31): error TS2304: Cannot find name 'styles'.
src/pages/funds/FundManagementPage.tsx(186,56): error TS2304: Cannot find name 'styles'.
src/pages/funds/FundManagementPage.tsx(187,37): error TS2304: Cannot find name 'styles'.
src/pages/funds/FundManagementPage.tsx(190,37): error TS2304: Cannot find name 'styles'.
src/pages/funds/FundManagementPage.tsx(193,37): error TS2304: Cannot find name 'styles'.
src/pages/funds/FundManagementPage.tsx(200,37): error TS2304: Cannot find name 'styles'.
src/pages/home/HomePage.tsx(204,23): error TS2322: Type '{ hidden: { opacity: number; y: number; }; show: { opacity: number; y: number; transition: { type: string; stiffness: number; damping: number; }; }; }' is not assignable to type 'Variants'.
  Property 'show' is incompatible with index signature.
    Type '{ opacity: number; y: number; transition: { type: string; stiffness: number; damping: number; }; }' is not assignable to type 'Variant'.
      Type '{ opacity: number; y: number; transition: { type: string; stiffness: number; damping: number; }; }' is not assignable to type 'TargetAndTransition'.
        Type '{ opacity: number; y: number; transition: { type: string; stiffness: number; damping: number; }; }' is not assignable to type '{ transition?: Transition<any> | undefined; transitionEnd?: ResolvedValues$1 | undefined; }'.
          Types of property 'transition' are incompatible.
            Type '{ type: string; stiffness: number; damping: number; }' is not assignable to type 'Transition<any> | undefined'.
              Type '{ type: string; stiffness: number; damping: number; }' is not assignable to type 'TransitionWithValueOverrides<any>'.
                Type '{ type: string; stiffness: number; damping: number; }' is not assignable to type 'ValueAnimationTransition<any>'.
                  Types of property 'type' are incompatible.
                    Type 'string' is not assignable to type 'AnimationGeneratorType | undefined'.
src/pages/home/HomePage.tsx(216,23): error TS2322: Type '{ hidden: { opacity: number; y: number; }; show: { opacity: number; y: number; transition: { type: string; stiffness: number; damping: number; }; }; }' is not assignable to type 'Variants'.
  Property 'show' is incompatible with index signature.
    Type '{ opacity: number; y: number; transition: { type: string; stiffness: number; damping: number; }; }' is not assignable to type 'Variant'.
      Type '{ opacity: number; y: number; transition: { type: string; stiffness: number; damping: number; }; }' is not assignable to type 'TargetAndTransition'.
        Type '{ opacity: number; y: number; transition: { type: string; stiffness: number; damping: number; }; }' is not assignable to type '{ transition?: Transition<any> | undefined; transitionEnd?: ResolvedValues$1 | undefined; }'.
          Types of property 'transition' are incompatible.
            Type '{ type: string; stiffness: number; damping: number; }' is not assignable to type 'Transition<any> | undefined'.
              Type '{ type: string; stiffness: number; damping: number; }' is not assignable to type 'TransitionWithValueOverrides<any>'.
                Type '{ type: string; stiffness: number; damping: number; }' is not assignable to type 'ValueAnimationTransition<any>'.
                  Types of property 'type' are incompatible.
                    Type 'string' is not assignable to type 'AnimationGeneratorType | undefined'.
src/pages/home/HomePage.tsx(223,23): error TS2322: Type '{ hidden: { opacity: number; y: number; }; show: { opacity: number; y: number; transition: { type: string; stiffness: number; damping: number; }; }; }' is not assignable to type 'Variants'.
  Property 'show' is incompatible with index signature.
    Type '{ opacity: number; y: number; transition: { type: string; stiffness: number; damping: number; }; }' is not assignable to type 'Variant'.
      Type '{ opacity: number; y: number; transition: { type: string; stiffness: number; damping: number; }; }' is not assignable to type 'TargetAndTransition'.
        Type '{ opacity: number; y: number; transition: { type: string; stiffness: number; damping: number; }; }' is not assignable to type '{ transition?: Transition<any> | undefined; transitionEnd?: ResolvedValues$1 | undefined; }'.
          Types of property 'transition' are incompatible.
            Type '{ type: string; stiffness: number; damping: number; }' is not assignable to type 'Transition<any> | undefined'.
              Type '{ type: string; stiffness: number; damping: number; }' is not assignable to type 'TransitionWithValueOverrides<any>'.
                Type '{ type: string; stiffness: number; damping: number; }' is not assignable to type 'ValueAnimationTransition<any>'.
                  Types of property 'type' are incompatible.
                    Type 'string' is not assignable to type 'AnimationGeneratorType | undefined'.
src/pages/loans/BorrowerLoansPage.tsx(196,10): error TS2304: Cannot find name 'Header'.
src/pages/loans/BorrowerLoansPage.tsx(198,30): error TS2304: Cannot find name 'setIsNavOpen'.
src/pages/loans/BorrowerLoansPage.tsx(198,44): error TS7006: Parameter 'prev' implicitly has an 'any' type.
src/pages/loans/BorrowerLoansPage.tsx(200,10): error TS2304: Cannot find name 'Navbar'.
src/pages/loans/BorrowerLoansPage.tsx(200,25): error TS2304: Cannot find name 'isNavOpen'.
src/pages/loans/BorrowerLoansPage.tsx(200,51): error TS2304: Cannot find name 'setIsNavOpen'.
src/pages/loans/BorrowerLoansPage.tsx(210,8): error TS2304: Cannot find name 'Header'.
src/pages/loans/BorrowerLoansPage.tsx(212,28): error TS2304: Cannot find name 'setIsNavOpen'.
src/pages/loans/BorrowerLoansPage.tsx(212,42): error TS7006: Parameter 'prev' implicitly has an 'any' type.
src/pages/loans/BorrowerLoansPage.tsx(214,8): error TS2304: Cannot find name 'Navbar'.
src/pages/loans/BorrowerLoansPage.tsx(214,23): error TS2304: Cannot find name 'isNavOpen'.
src/pages/loans/BorrowerLoansPage.tsx(214,49): error TS2304: Cannot find name 'setIsNavOpen'.
src/pages/loans/LoanPage.tsx(7,1): error TS6133: 'useBorrowers' is declared but its value is never read.
src/pages/loans/LoanPage.tsx(206,94): error TS2769: No overload matches this call.
  Overload 1 of 4, '(value: string | number | Date): Date', gave the following error.
    Argument of type 'string | undefined' is not assignable to parameter of type 'string | number | Date'.
      Type 'undefined' is not assignable to type 'string | number | Date'.
  Overload 2 of 4, '(value: string | number): Date', gave the following error.
    Argument of type 'string | undefined' is not assignable to parameter of type 'string | number'.
      Type 'undefined' is not assignable to type 'string | number'.
src/pages/more/MorePage.tsx(124,10): error TS2552: Cannot find name 'Header'. Did you mean 'Headers'?
src/pages/more/MorePage.tsx(124,49): error TS2304: Cannot find name 'setIsNavOpen'.
src/pages/more/MorePage.tsx(124,63): error TS7006: Parameter 'prev' implicitly has an 'any' type.
src/pages/more/MorePage.tsx(125,10): error TS2304: Cannot find name 'Navbar'.
src/pages/more/MorePage.tsx(125,25): error TS2304: Cannot find name 'isNavOpen'.
src/pages/more/MorePage.tsx(125,51): error TS2304: Cannot find name 'setIsNavOpen'.
src/pages/more/MorePage.tsx(135,8): error TS2552: Cannot find name 'Header'. Did you mean 'Headers'?
src/pages/more/MorePage.tsx(135,47): error TS2304: Cannot find name 'setIsNavOpen'.
src/pages/more/MorePage.tsx(135,61): error TS7006: Parameter 'prev' implicitly has an 'any' type.
src/pages/more/MorePage.tsx(136,8): error TS2304: Cannot find name 'Navbar'.
src/pages/more/MorePage.tsx(136,23): error TS2304: Cannot find name 'isNavOpen'.
src/pages/more/MorePage.tsx(136,49): error TS2304: Cannot find name 'setIsNavOpen'.
src/pages/more/MorePage.tsx(139,25): error TS2304: Cannot find name 'styles'.
src/pages/more/MorePage.tsx(140,26): error TS2304: Cannot find name 'styles'.
src/pages/more/MorePage.tsx(145,28): error TS2304: Cannot find name 'styles'.
src/pages/more/MorePage.tsx(146,29): error TS2304: Cannot find name 'styles'.
src/pages/more/MorePage.tsx(147,33): error TS2304: Cannot find name 'styles'.
src/pages/more/MorePage.tsx(148,29): error TS2304: Cannot find name 'styles'.
src/pages/more/MorePage.tsx(149,29): error TS2304: Cannot find name 'styles'.
src/pages/more/MorePage.tsx(152,29): error TS2304: Cannot find name 'styles'.
src/pages/more/MorePage.tsx(153,33): error TS2304: Cannot find name 'styles'.
src/pages/more/MorePage.tsx(159,30): error TS2304: Cannot find name 'styles'.
src/pages/more/MorePage.tsx(163,31): error TS2304: Cannot find name 'styles'.
src/pages/more/MorePage.tsx(167,29): error TS2304: Cannot find name 'styles'.
src/pages/more/MorePage.tsx(168,33): error TS2304: Cannot find name 'styles'.
src/pages/more/MorePage.tsx(174,30): error TS2304: Cannot find name 'styles'.
src/pages/more/MorePage.tsx(178,31): error TS2304: Cannot find name 'styles'.
src/pages/more/MorePage.tsx(182,29): error TS2304: Cannot find name 'styles'.
src/pages/more/MorePage.tsx(218,25): error TS2304: Cannot find name 'styles'.
src/pages/more/MorePage.tsx(219,26): error TS2304: Cannot find name 'styles'.
src/pages/more/MorePage.tsx(220,28): error TS2304: Cannot find name 'styles'.
src/pages/more/MorePage.tsx(221,27): error TS2304: Cannot find name 'styles'.
src/pages/more/MorePage.tsx(222,29): error TS2304: Cannot find name 'styles'.
src/pages/more/MorePage.tsx(226,25): error TS2304: Cannot find name 'styles'.
src/pages/more/MorePage.tsx(234,24): error TS2304: Cannot find name 'styles'.
